// Jest Snapshot v1, https://goo.gl/fbAQLP

exports[`PurpleSquidSpinner with a different color prop renders successfully to match snapshot 1`] = `
<ActivityIndicator
  animating={true}
  color="#301D5C"
  hidesWhenStopped={true}
  size="large"
  style={
    Object {
      "flex": 1,
      "justifyContent": "flex-start",
    }
  }
/>
`;

exports[`PurpleSquidSpinner with no non-default props renders successfully to match snapshot 1`] = `
<ActivityIndicator
  animating={true}
  color="#301D5C"
  hidesWhenStopped={true}
  size="large"
  style={
    Object {
      "flex": 1,
      "justifyContent": "flex-start",
    }
  }
/>
`;
